root@joedlut-virtual-machine:/home/joedlut/k8s-learning/chapter13# k exec -it pod-with-defaults -- date +%T  -s "12:00:00"
date: can't set date: Operation not permitted
12:00:00

root@joedlut-virtual-machine:/home/joedlut/k8s-learning/chapter13# k exec -it pod-add-settime-capability -- date +%T -s "12:00:01"
12:00:01


root@joedlut-virtual-machine:/home/joedlut/k8s-learning/chapter13# k exec -it pod-drop-chown-capability -- chown guest /tmp
chown: /tmp: Operation not permitted
command terminated with exit code 1


root@joedlut-virtual-machine:/home/joedlut/k8s-learning/chapter13# k exec pod-with-readonly-filesystem  -- touch /volume/test.txt
root@joedlut-virtual-machine:/home/joedlut/k8s-learning/chapter13# 


root@joedlut-virtual-machine:/home/joedlut/k8s-learning/chapter13# k exec pod-with-readonly-filesystem  -- touch /joedlut.txt
touch: /joedlut.txt: Read-only file system
command terminated with exit code 1


oot@joedlut-virtual-machine:/home/joedlut/k8s-learning/chapter13# k exec -it  pod-with-shared-volume-fsgroup -c first -- sh
/ $ id
uid=1111 gid=0(root) groups=0(root),555,666,777
/ $ ls -l |grep volume
drwxrwsrwx    2 root     555           4096 Jun  1 16:00 volume
/ $ ll
sh: ll: not found
/ $ ls
bin     dev     etc     home    lib     media   mnt     opt     proc    root    run     sbin    srv     sys     tmp     usr     var     volume
/ $ echo foo >/volume/foo.txt
/ $ ls -l /volume
total 4
-rw-r--r--    1 1111     555              4 Jun  1 16:03 foo.txt
/ $ echo bar /tmp/bar.txt
bar /tmp/bar.txt
/ $ ll /tmp 
sh: ll: not found
/ $ ls -l  /tmp 
total 0
/ $ ls -l  /tmp/
total 0
/ $ echo bar  > /tmp/bar.txt
/ $ ls -l  /tmp/
total 4
-rw-r--r--    1 1111     root             4 Jun  1 16:17 bar.txt
/ $ exit
root@joedlut-virtual-machine:/home/joedlut/k8s-learning/chapter13# k exec -it  pod-with-shared-volume-fsgroup -c second -- sh
/ $ cd /volume
/volume $ ls
foo.txt
/volume $ cat foo.txt 
foo
/volume $ cd ..
/ $ ls -l  /volume/
total 4
-rw-r--r--    1 1111     555              4 Jun  1 16:03 foo.txt




root@joedlut-virtual-machine:/home/joedlut/k8s-learning/chapter13# ps aux | grep kube-apiserver
root      311637  6.6  4.2 1113192 346952 ?      Ssl  5月30 303:05 kube-apiserver --advertise-address=192.168.88.138 --allow-privileged=true --authorization-mode=Node,RBAC --client-ca-file=/etc/kubernetes/pki/ca.crt --enable-admission-plugins=NodeRestriction --enable-bootstrap-token-auth=true --etcd-cafile=/etc/kubernetes/pki/etcd/ca.crt --etcd-certfile=/etc/kubernetes/pki/apiserver-etcd-client.crt --etcd-keyfile=/etc/kubernetes/pki/apiserver-etcd-client.key --etcd-servers=https://127.0.0.1:2379 --kubelet-client-certificate=/etc/kubernetes/pki/apiserver-kubelet-client.crt --kubelet-client-key=/etc/kubernetes/pki/apiserver-kubelet-client.key --kubelet-preferred-address-types=InternalIP,ExternalIP,Hostname --proxy-client-cert-file=/etc/kubernetes/pki/front-proxy-client.crt --proxy-client-key-file=/etc/kubernetes/pki/front-proxy-client.key --requestheader-allowed-names=front-proxy-client --requestheader-client-ca-file=/etc/kubernetes/pki/front-proxy-ca.crt --requestheader-extra-headers-prefix=X-Remote-Extra- --requestheader-group-headers=X-Remote-Group --requestheader-username-headers=X-Remote-User --secure-port=6443 --service-account-issuer=https://kubernetes.default.svc.cluster.local --service-account-key-file=/etc/kubernetes/pki/sa.pub --service-account-signing-key-file=/etc/kubernetes/pki/sa.key --service-cluster-ip-range=10.96.0.0/12 --tls-cert-file=/etc/kubernetes/pki/apiserver.crt --tls-private-key-file=/etc/kubernetes/pki/apiserver.key
root     2705682  0.0  0.0  17716  2580 pts/1    S+   14:39   0:00 grep --color=auto kube-apiserver


编辑kube-apiserver的启动脚本，并添加--enable-admission-plugins=PodSecurityPolicy  启动PodSecurityPolicy

kubectl create clusterrole psp-default --verb=use --resource=podsecuritypolicies --resource-name=default
kubectl create clusterrole psp-privileged  --verb=use --resource=podsecuritypolicies --resource-name=privileged
kubectl create clusterrolebinding psp-all-users --clusterrole=psp-default --group=system:authenticated
kubectl create clusterrolebinding psp-bo --clusterrole=psp-privileged --user=bob

root@joedlut-virtual-machine:/home/joedlut/k8s-learning/chapter13# kubectl config set-credentials alice --username=alice --password=password
User "alice" set.
root@joedlut-virtual-machine:/home/joedlut/k8s-learning/chapter13# kubectl config set-credentials bob --username=bob\ --password=password
User "bob" set.

报错了 ？？？
root@joedlut-virtual-machine:/home/joedlut/k8s-learning/chapter13# k --user bob create -f pod-privileged.yaml 
Error from server (Forbidden): unknown
root@joedlut-virtual-machine:/home/joedlut/k8s-learning/chapter13# k --user alice create -f pod-privileged.yaml 
Error from server (Forbidden): unknown

